03-01-2025-09-20 | The score of Alice for exam JavaExam is 4.90
03-01-2025-09-21 | The score of Bob for exam JavaExam is 2.50
03-01-2025-09-22 | The score of Charlie for exam JavaExam is 4.40
04-01-2025-10-20 | The score of Alice for exam OOPExam is 3.90
04-01-2025-10-21 | The score of Diana for exam OOPExam is 1.50
04-01-2025-10-22 | The score of Edward for exam OOPExam is 3.90
